
> my-v0-project@0.1.0 lint
> eslint .

(node:14856) [MODULE_TYPELESS_PACKAGE_JSON] Warning: Module type of file:///D:/Yeison/Front/Yeison-Front/eslint.config.js?mtime=1777553856993 is not specified and it doesn't parse as CommonJS.
Reparsing as ES module because module syntax was detected. This incurs a performance overhead.
To eliminate this warning, add "type": "module" to D:\Yeison\Front\Yeison-Front\package.json.
(Use `node --trace-warnings ...` to show where the warning was created)

D:\Yeison\Front\Yeison-Front\app\[locale]\layout.tsx
  21:45  warning  Unexpected any. Specify a different type  @typescript-eslint/no-explicit-any

D:\Yeison\Front\Yeison-Front\app\[locale]\onboarding\page.tsx
   83:25  warning  Unexpected any. Specify a different type  @typescript-eslint/no-explicit-any
  104:30  warning  Unexpected any. Specify a different type  @typescript-eslint/no-explicit-any
  147:25  warning  Unexpected any. Specify a different type  @typescript-eslint/no-explicit-any
  190:25  warning  Unexpected any. Specify a different type  @typescript-eslint/no-explicit-any

D:\Yeison\Front\Yeison-Front\app\[locale]\register\page.tsx
  27:23  warning  'setIsLoading' is assigned a value but never used. Allowed unused vars must match /^_/u  @typescript-eslint/no-unused-vars

D:\Yeison\Front\Yeison-Front\components\agents-section.tsx
   4:15  warning  'Settings' is defined but never used. Allowed unused vars must match /^_/u  @typescript-eslint/no-unused-vars
   4:25  warning  'Play' is defined but never used. Allowed unused vars must match /^_/u      @typescript-eslint/no-unused-vars
  13:9   warning  Unexpected any. Specify a different type                                    @typescript-eslint/no-explicit-any
  20:33  warning  Unexpected any. Specify a different type                                    @typescript-eslint/no-explicit-any
  32:48  warning  Unexpected any. Specify a different type                                    @typescript-eslint/no-explicit-any

D:\Yeison\Front\Yeison-Front\components\dashboard-sidebar.tsx
    6:3   warning  'LayoutDashboard' is defined but never used. Allowed unused vars must match /^_/u  @typescript-eslint/no-unused-vars
  119:39  warning  'index' is defined but never used. Allowed unused args must match /^_/u            @typescript-eslint/no-unused-vars

D:\Yeison\Front\Yeison-Front\components\dashboard\AIInsights.tsx
    9:5   warning  'Phone' is defined but never used. Allowed unused vars must match /^_/u  @typescript-eslint/no-unused-vars
  145:48  warning  'index' is defined but never used. Allowed unused args must match /^_/u  @typescript-eslint/no-unused-vars

D:\Yeison\Front\Yeison-Front\components\dashboard\ActivityFeed.tsx
   5:5  warning  'MessageSquare' is defined but never used. Allowed unused vars must match /^_/u  @typescript-eslint/no-unused-vars
   9:5  warning  'TrendingUp' is defined but never used. Allowed unused vars must match /^_/u     @typescript-eslint/no-unused-vars
  12:5  warning  'XCircle' is defined but never used. Allowed unused vars must match /^_/u        @typescript-eslint/no-unused-vars

D:\Yeison\Front\Yeison-Front\components\dashboard\AgentRanking.tsx
  6:5  warning  'Clock' is defined but never used. Allowed unused vars must match /^_/u  @typescript-eslint/no-unused-vars

D:\Yeison\Front\Yeison-Front\components\dashboard\AgentsTab.tsx
    5:15   warning  'Settings' is defined but never used. Allowed unused vars must match /^_/u  @typescript-eslint/no-unused-vars
    5:25   warning  'Play' is defined but never used. Allowed unused vars must match /^_/u      @typescript-eslint/no-unused-vars
   14:11   warning  Unexpected any. Specify a different type                                    @typescript-eslint/no-explicit-any
   21:35   warning  Unexpected any. Specify a different type                                    @typescript-eslint/no-explicit-any
   35:50   warning  Unexpected any. Specify a different type                                    @typescript-eslint/no-explicit-any
  213:115  warning  Unexpected any. Specify a different type                                    @typescript-eslint/no-explicit-any

D:\Yeison\Front\Yeison-Front\components\dashboard\ChatTab.tsx
   19:5   warning  'MoreHorizontal' is defined but never used. Allowed unused vars must match /^_/u  @typescript-eslint/no-unused-vars
  140:18  warning  'err' is defined but never used                                                   @typescript-eslint/no-unused-vars
  140:23  warning  Unexpected any. Specify a different type                                          @typescript-eslint/no-explicit-any

D:\Yeison\Front\Yeison-Front\components\dashboard\KPIGrid.tsx
  21:11  warning  Unexpected any. Specify a different type  @typescript-eslint/no-explicit-any

D:\Yeison\Front\Yeison-Front\components\dashboard\SmartAlerts.tsx
  5:5  warning  'AlertCircle' is defined but never used. Allowed unused vars must match /^_/u  @typescript-eslint/no-unused-vars

D:\Yeison\Front\Yeison-Front\components\dashboard\SystemHealthBar.tsx
   9:5   warning  'AlertTriangle' is defined but never used. Allowed unused vars must match /^_/u  @typescript-eslint/no-unused-vars
  11:5   warning  'WifiOff' is defined but never used. Allowed unused vars must match /^_/u        @typescript-eslint/no-unused-vars
  31:11  warning  't' is assigned a value but never used. Allowed unused vars must match /^_/u     @typescript-eslint/no-unused-vars

D:\Yeison\Front\Yeison-Front\components\onboarding\types.ts
  9:30  warning  Unexpected any. Specify a different type  @typescript-eslint/no-explicit-any

D:\Yeison\Front\Yeison-Front\components\register\RegisterProgress.tsx
  31:27  warning  'isUpcoming' is assigned a value but never used. Allowed unused vars must match /^_/u  @typescript-eslint/no-unused-vars

D:\Yeison\Front\Yeison-Front\components\ui\ShineText.tsx
   4:18  warning  'keyframes' is defined but never used. Allowed unused vars must match /^_/u  @typescript-eslint/no-unused-vars
  48:23  warning  Unexpected any. Specify a different type                                     @typescript-eslint/no-explicit-any

D:\Yeison\Front\Yeison-Front\contexts\AuthContext.tsx
  89:13  warning  Unexpected console statement. Only these console methods are allowed: warn, error  no-console

D:\Yeison\Front\Yeison-Front\hooks\useApi.ts
  4:10  warning  'apiClient' is defined but never used. Allowed unused vars must match /^_/u  @typescript-eslint/no-unused-vars

D:\Yeison\Front\Yeison-Front\hooks\useChatbot.ts
   4:55  warning  'ChatMessage' is defined but never used. Allowed unused vars must match /^_/u  @typescript-eslint/no-unused-vars
  33:23  warning  Unexpected any. Specify a different type                                       @typescript-eslint/no-explicit-any
  49:23  warning  Unexpected any. Specify a different type                                       @typescript-eslint/no-explicit-any
  64:23  warning  Unexpected any. Specify a different type                                       @typescript-eslint/no-explicit-any
  79:23  warning  Unexpected any. Specify a different type                                       @typescript-eslint/no-explicit-any

D:\Yeison\Front\Yeison-Front\i18n\request.ts
  8:56  warning  Unexpected any. Specify a different type  @typescript-eslint/no-explicit-any

D:\Yeison\Front\Yeison-Front\lib\api-client.ts
   69:33  warning  Unexpected any. Specify a different type                                           @typescript-eslint/no-explicit-any
   73:20  warning  Unexpected any. Specify a different type                                           @typescript-eslint/no-explicit-any
   75:36  warning  Unexpected any. Specify a different type                                           @typescript-eslint/no-explicit-any
   76:36  warning  Unexpected any. Specify a different type                                           @typescript-eslint/no-explicit-any
   77:38  warning  Unexpected any. Specify a different type                                           @typescript-eslint/no-explicit-any
   78:42  warning  Unexpected any. Specify a different type                                           @typescript-eslint/no-explicit-any
  164:3   warning  Unexpected console statement. Only these console methods are allowed: warn, error  no-console

Ô£û 52 problems (0 errors, 52 warnings)

